simple diode test 
#           v(1)       v(2)      
 27.        10.        2.1726    
