* Mesa Level 2 test 
vds 1 0 
        ^ ? needs a value
z1: can't find: mesmod
z1: can't find: mesmod
z1: can't find: mesmod
