* Simulation of MESFET output conductance 
#Freq      
 0.001     
 0.0012589 
 0.0015849 
 0.0019953 
 0.0025119 
 0.0031623 
 0.0039811 
 0.0050119 
 0.0063096 
 0.0079433 
 0.01      
 0.012589  
 0.015849  
 0.019953  
 0.025119  
 0.031623  
 0.039811  
 0.050119  
 0.063096  
 0.079433  
 0.1       
 0.12589   
 0.15849   
 0.19953   
 0.25119   
 0.31623   
 0.39811   
 0.50119   
 0.63096   
 0.79433   
 1.        
 1.2589    
 1.5849    
 1.9953    
 2.5119    
 3.1623    
 3.9811    
 5.0119    
 6.3096    
 7.9433    
 10.       
 12.589    
 15.849    
 19.953    
 25.119    
 31.623    
 39.811    
 50.119    
 63.096    
 79.433    
 100.      
 125.89    
 158.49    
 199.53    
 251.19    
 316.23    
 398.11    
 501.19    
 630.96    
 794.33    
 1.K       
 1.2589K   
 1.5849K   
 1.9953K   
 2.5119K   
 3.1623K   
 3.9811K   
 5.0119K   
 6.3096K   
 7.9433K   
 10.K      
 12.589K   
 15.849K   
 19.953K   
 25.119K   
 31.623K   
 39.811K   
 50.119K   
 63.096K   
 79.433K   
 100.K     
 125.89K   
 158.49K   
 199.53K   
 251.19K   
 316.23K   
 398.11K   
 501.19K   
 630.96K   
 794.33K   
 1.Meg     
