* Mesfet Inverter with ungated load/Wload=2e-6 
bl1 10 40 i=0.0005*tanh(v(10,40)/0.0005/1120)*(1+v(10,40)*0.027) 
 ^ ? what's this?
bl2 20 50 i=0.0005*tanh(v(20,50)/0.0005/1120)*(1+v(20,50)*0.027) 
 ^ ? what's this?
#           v(70)     
 0.         0.        
 0.01       2.5217u   
 0.02       4.5922u   
 0.03       6.334u    
 0.04       7.8438u   
 0.05       9.1993u   
 0.06       10.464u   
 0.07       11.691u   
 0.08       12.928u   
 0.09       14.219u   
 0.1        15.607u   
 0.11       17.134u   
 0.12       18.848u   
 0.13       20.801u   
 0.14       23.052u   
 0.15       25.672u   
 0.16       28.745u   
 0.17       32.372u   
 0.18       36.679u   
 0.19       41.82u    
 0.2        47.991u   
 0.21       55.433u   
 0.22       64.451u   
 0.23       75.428u   
 0.24       88.846u   
 0.25       105.31u   
 0.26       125.59u   
 0.27       150.65u   
 0.28       181.69u   
 0.29       220.26u   
 0.3        268.27u   
 0.31       328.14u   
 0.32       402.92u   
 0.33       496.42u   
 0.34       613.39u   
 0.35       759.79u   
 0.36       942.98u   
 0.37       0.001172  
 0.38       0.0014581 
 0.39       0.0018147 
 0.4        0.0022579 
 0.41       0.0028069 
 0.42       0.0034838 
 0.43       0.004314  
 0.44       0.0053253 
 0.45       0.006548  
 0.46       0.0080133 
 0.47       0.0097527 
 0.48       0.011796  
 0.49       0.014171  
 0.5        0.016901  
 0.51       0.020003  
 0.52       0.023492  
 0.53       0.027376  
 0.54       0.031656  
 0.55       0.036333  
 0.56       0.041398  
 0.57       0.046843  
 0.58       0.052655  
 0.59       0.058818  
 0.6        0.065313  
 0.61       0.072119  
 0.62       0.079214  
 0.63       0.086576  
 0.64       0.09418   
 0.65       0.102     
 0.66       0.11002   
 0.67       0.11822   
 0.68       0.12658   
 0.69       0.13507   
 0.7        0.1437    
 0.71       0.15243   
 0.72       0.16126   
 0.73       0.17018   
 0.74       0.17918   
 0.75       0.18825   
 0.76       0.19738   
 0.77       0.20657   
 0.78       0.21581   
 0.79       0.22509   
 0.8        0.23442   
 0.81       0.24378   
 0.82       0.25318   
 0.83       0.26261   
 0.84       0.27206   
 0.85       0.28154   
 0.86       0.29104   
 0.87       0.30057   
 0.88       0.31011   
 0.89       0.31966   
 0.9        0.32923   
 0.91       0.3388    
 0.92       0.34839   
 0.93       0.35797   
 0.94       0.36755   
 0.95       0.37713   
 0.96       0.38669   
 0.97       0.39623   
 0.98       0.40574   
 0.99       0.41522   
 1.         0.42464   
