VBIC Noise Scale Test 
#          
 27.       
.print noise sqrt(onoise_spectrum) 
       ^ ? what's this?
