difpair ckt - simple differential pair 
v(4)  -4.                0.               4.                8.              12.
v(5)  -4.                0.               4.                8.              12.
        +-----------------+----------------+-----------------+----------------+
-0.2    |             +   .                .                 .               *|
-0.19   |             +   .                .                 .               *|
-0.18   |             +   .                .                 .               *|
-0.17   |             +   .                .                 .               *|
-0.16   |             +   .                .                 .              * |
-0.15   |             +   .                .                 .              * |
-0.14   |             +   .                .                 .              * |
-0.13   |             +   .                .                 .              * |
-0.12   |             +   .                .                 .             *  |
-0.11   |             +   .                .                 .             *  |
-0.1    |              +  .                .                 .            *   |
-0.09   |              +  .                .                 .            *   |
-0.08   |               + .                .                 .           *    |
-0.07   |                 +                .                 .         *      |
-0.06   |                 . +              .                 .      *         |
-0.05   |                 .    +           .                 .    *           |
-0.04   |                 .       +        .                 . *              |
-0.03   |                 .          +     .                *.                |
-0.02   |                 .              + .            *    .                |
-0.01   |                 .                . +      *        .                |
 0.     |                 .                .    *            .                |
 0.01   |                 .                . *      +        .                |
 0.02   |                 .              * .            +    .                |
 0.03   |                 .          *     .                +.                |
 0.04   |                 .       *        .                 . +              |
 0.05   |                 .    *           .                 .    +           |
 0.06   |                 . *              .                 .      +         |
 0.07   |                 *                .                 .         +      |
 0.08   |               * .                .                 .           +    |
 0.09   |              *  .                .                 .            +   |
 0.1    |              *  .                .                 .            +   |
 0.11   |              *  .                .                 .            +   |
 0.12   |              *  .                .                 .             +  |
 0.13   |              *  .                .                 .             +  |
 0.14   |              *  .                .                 .             +  |
 0.15   |              *  .                .                 .              + |
 0.16   |              *  .                .                 .              + |
 0.17   |              *  .                .                 .              + |
 0.18   |              *  .                .                 .              + |
 0.19   |              *  .                .                 .               +|
 0.2    |              *  .                .                 .               +|
        +-----------------+----------------+-----------------+----------------+
#Time       qbe(q1)    qbe(q2)    qbe(q3)    qbe(q4)    qbe(qnl)  
 0.         5.5687p    109.2f     5.4865p    4.531p     ??        
 10.n       2.8178p    2.5992p    5.4783p    4.5309p    ??        
 20.n       3.0419p    2.3754p    5.479p     4.5308p    ??        
 30.n       3.3287p    2.089p     5.4797p    4.5307p    ??        
 40.n       3.6376p    1.7804p    5.4805p    4.5307p    ??        
 50.n       3.9265p    1.4916p    5.4812p    4.5307p    ??        
 60.n       4.1568p    1.2612p    5.4816p    4.5308p    ??        
 70.n       4.2983p    1.1193p    5.4818p    4.5309p    ??        
 80.n       4.3332p    1.0842p    5.4817p    4.531p     ??        
 90.n       4.255p     1.1622p    5.4812p    4.5311p    ??        
 100.n      4.0673p    1.3497p    5.4804p    4.5312p    ??        
 110.n      3.7825p    1.6344p    5.4794p    4.5313p    ??        
 120.n      3.4214p    1.9951p    5.4783p    4.5314p    ??        
 130.n      3.0138p    2.4022p    5.4772p    4.5314p    ??        
 140.n      2.5956p    2.8196p    5.4761p    4.5313p    ??        
 150.n      2.2059p    3.2084p    5.4754p    4.5313p    ??        
 160.n      1.8821p    3.5312p    5.4749p    4.5312p    ??        
 170.n      1.655p     3.7575p    5.4747p    4.5311p    ??        
 180.n      1.545p     3.8673p    5.4749p    4.5309p    ??        
 190.n      1.5597p    3.8528p    5.4754p    4.5308p    ??        
 200.n      1.6955p    3.7179p    5.4762p    4.5307p    ??        
 210.n      1.938p     3.4767p    5.4771p    4.5306p    ??        
 220.n      2.2637p    3.1524p    5.4781p    4.5306p    ??        
 230.n      2.6408p    2.7765p    5.4791p    4.5306p    ??        
 240.n      3.0317p    2.3865p    5.4801p    4.5306p    ??        
 250.n      3.3963p    2.0224p    5.4808p    4.5307p    ??        
 260.n      3.6968p    1.722p     5.4813p    4.5307p    ??        
 270.n      3.9025p    1.5161p    5.4815p    4.5308p    ??        
 280.n      3.9936p    1.4247p    5.4814p    4.531p     ??        
 290.n      3.9627p    1.4552p    5.481p     4.5311p    ??        
 300.n      3.8137p    1.6039p    5.4802p    4.5312p    ??        
#Time       cpi(q1)    cpi(q2)    cpi(q3)    cpi(q4)    cpi(qnl)  
 0.         147.45p    62.013p    211.88p    175.19p    ??        
 10.n       108.94p    100.49p    211.81p    175.18p    ??        
 20.n       117.61p    91.843p    211.84p    175.18p    ??        
 30.n       128.7p     80.77p     211.87p    175.17p    ??        
 40.n       140.64p    68.837p    211.9p     175.17p    ??        
 50.n       151.81p    57.669p    211.92p    175.17p    ??        
 60.n       160.71p    48.761p    211.94p    175.18p    ??        
 70.n       166.19p    43.277p    211.95p    175.18p    ??        
 80.n       167.53p    41.92p     211.94p    175.18p    ??        
 90.n       164.51p    44.935p    211.92p    175.19p    ??        
 100.n      157.26p    52.184p    211.89p    175.19p    ??        
 110.n      146.24p    63.192p    211.85p    175.2p     ??        
 120.n      132.28p    77.138p    211.81p    175.2p     ??        
 130.n      116.52p    92.878p    211.77p    175.2p     ??        
 140.n      100.35p    109.02p    211.73p    175.2p     ??        
 150.n      85.287p    124.05p    211.7p     175.2p     ??        
 160.n      72.768p    136.53p    211.68p    175.19p    ??        
 170.n      63.99p     145.28p    211.67p    175.19p    ??        
 180.n      59.734p    149.52p    211.68p    175.18p    ??        
 190.n      60.305p    148.96p    211.7p     175.18p    ??        
 200.n      65.553p    143.75p    211.73p    175.17p    ??        
 210.n      74.929p    134.42p    211.76p    175.17p    ??        
 220.n      87.521p    121.88p    211.8p     175.17p    ??        
 230.n      102.1p     107.35p    211.84p    175.17p    ??        
 240.n      117.22p    92.27p     211.88p    175.17p    ??        
 250.n      131.31p    78.192p    211.91p    175.17p    ??        
 260.n      142.93p    66.578p    211.93p    175.17p    ??        
 270.n      150.88p    58.619p    211.94p    175.18p    ??        
 280.n      154.41p    55.084p    211.93p    175.18p    ??        
 290.n      153.21p    56.265p    211.91p    175.19p    ??        
 300.n      147.45p    62.013p    211.88p    175.19p    ??        
#Time       vbe(q1)    vbe(q2)    vbe(q3)    vbe(q4)    vbe(qnl)  
 0.         0.76155    0.76155    0.77743    0.77743    ??        
 10.n       0.76271    0.76036    0.77743    0.77743    ??        
 20.n       0.76496    0.75778    0.77742    0.77743    ??        
 30.n       0.76764    0.75413    0.77742    0.77743    ??        
 40.n       0.77032    0.74965    0.77742    0.77743    ??        
 50.n       0.77265    0.74475    0.77742    0.77743    ??        
 60.n       0.77441    0.74015    0.77743    0.77743    ??        
 70.n       0.77545    0.7369     0.77743    0.77743    ??        
 80.n       0.7757     0.73604    0.77743    0.77743    ??        
 90.n       0.77512    0.73791    0.77744    0.77743    ??        
 100.n      0.77371    0.74198    0.77744    0.77743    ??        
 110.n      0.77147    0.74724    0.77744    0.77743    ??        
 120.n      0.76843    0.7528     0.77744    0.77743    ??        
 130.n      0.76465    0.75807    0.77744    0.77743    ??        
 140.n      0.76029    0.7627     0.77744    0.77743    ??        
 150.n      0.75563    0.7665     0.77744    0.77743    ??        
 160.n      0.75116    0.76937    0.77744    0.77743    ??        
 170.n      0.74758    0.77126    0.77743    0.77743    ??        
 180.n      0.74568    0.77214    0.77743    0.77743    ??        
 190.n      0.74595    0.77204    0.77742    0.77743    ??        
 200.n      0.74827    0.77096    0.77742    0.77743    ??        
 210.n      0.75201    0.76893    0.77742    0.77743    ??        
 220.n      0.7564     0.76601    0.77742    0.77743    ??        
 230.n      0.76083    0.76229    0.77742    0.77743    ??        
 240.n      0.76487    0.75792    0.77742    0.77743    ??        
 250.n      0.76825    0.75322    0.77742    0.77743    ??        
 260.n      0.77081    0.74872    0.77743    0.77743    ??        
 270.n      0.77246    0.74519    0.77743    0.77743    ??        
 280.n      0.77316    0.74348    0.77743    0.77743    ??        
 290.n      0.77292    0.74405    0.77744    0.77743    ??        
 300.n      0.77173    0.74673    0.77744    0.77743    ??        
v(5)   2.                4.               6.                8.              10.
        +-----------------+----------------+-----------------+----------------+
 0.     |                 .         *      .                 .                |
 10.n   |                 .            *   .                 .                |
 20.n   |                 .                .*                .                |
 30.n   |                 .                .      *          .                |
 40.n   |                 .                .             *   .                |
 50.n   |                 .                .                 . *              |
 60.n   |                 .                .                 .      *         |
 70.n   |                 .                .                 .         *      |
 80.n   |                 .                .                 .          *     |
 90.n   |                 .                .                 .        *       |
 100.n  |                 .                .                 .    *           |
 110.n  |                 .                .                *.                |
 120.n  |                 .                .        *        .                |
 130.n  |                 .                *                 .                |
 140.n  |                 .       *        .                 .                |
 150.n  |                *.                .                 .                |
 160.n  |         *       .                .                 .                |
 170.n  |    *            .                .                 .                |
 180.n  |  *              .                .                 .                |
 190.n  |  *              .                .                 .                |
 200.n  |     *           .                .                 .                |
 210.n  |          *      .                .                 .                |
 220.n  |                 .*               .                 .                |
 230.n  |                 .        *       .                 .                |
 240.n  |                 .                *                 .                |
 250.n  |                 .                .       *         .                |
 260.n  |                 .                .              *  .                |
 270.n  |                 .                .                 .*               |
 280.n  |                 .                .                 .  *             |
 290.n  |                 .                .                 .  *             |
 300.n  |                 .                .                *.                |
        +-----------------+----------------+-----------------+----------------+
#           cpi(q1)    cpi(q2)    cpi(q3)    cpi(q4)    cpi(qnl)  
 27.        104.71p    104.71p    211.8p     175.18p    ??        
#Freq       vm(5)      vp(5)     
 10.K       87.848    -0.0048623 
 15.849K    87.847    -0.0077061 
 25.119K    87.843    -0.012213  
 39.811K    87.833    -0.019355  
 63.096K    87.808    -0.03067   
 100.K      87.746    -0.048585  
 158.49K    87.59     -0.076911  
 251.19K    87.202    -0.12153   
 398.11K    86.249    -0.19121   
 630.96K    83.987    -0.29769   
 1.Meg      79.008    -0.4526    
 1.5849Meg  69.588    -0.65666   
 2.5119Meg  55.654    -0.88493   
 3.9811Meg  40.315    -1.0943    
 6.3096Meg  27.213    -1.256     
 10.Meg     17.685    -1.3679    
 15.849Meg  11.298    -1.4411    
 25.119Meg  7.1679    -1.4881    
 39.811Meg  4.5342    -1.5182    
 63.096Meg  2.8643    -1.5374    
 100.Meg    1.8082    -1.5497    
 158.49Meg  1.1411    -1.5575    
 251.19Meg  0.72007   -1.5624    
 398.11Meg  0.45435   -1.5655    
 630.96Meg  0.28668   -1.5674    
 1.G        0.18088   -1.5687    
vm(5)  0.                25.              50.               75.            100.
vp(5) -2.               -1.               0.                1.               2.
        +-----------------+----------------+-----------------+----------------+
 10.K   |                 .                +                 .       *        |
 15.849K|                 .                +                 .       *        |
 25.119K|                 .                +                 .       *        |
 39.811K|                 .                +                 .       *        |
 63.096K|                 .               +.                 .       *        |
 100.K  |                 .               +.                 .       *        |
 158.49K|                 .               +.                 .       *        |
 251.19K|                 .              + .                 .       *        |
 398.11K|                 .             +  .                 .      *         |
 630.96K|                 .           +    .                 .     *          |
 1.Meg  |                 .        +       .                 . *              |
 1.5849M|                 .     +          .             *   .                |
 2.5119M|                 . +              .   *             .                |
 3.9811M|               + .         *      .                 .                |
 6.3096M|            +    .*               .                 .                |
 10.Meg |          +*     .                .                 .                |
 15.849M|       * +       .                .                 .                |
 25.119M|    *   +        .                .                 .                |
 39.811M|  *    +         .                .                 .                |
 63.096M| *     +         .                .                 .                |
 100.Meg|*      +         .                .                 .                |
 158.49M|*      +         .                .                 .                |
 251.19M|*      +         .                .                 .                |
 398.11M*       +         .                .                 .                |
 630.96M*       +         .                .                 .                |
 1.G    *       +         .                .                 .                |
        +-----------------+----------------+-----------------+----------------+
Gnucap   System status
iterations: op=9, dc=231, tran=172, fourier=0, total=1116
transient timesteps: accepted=136, rejected=0, total=136
nodes: user=10, subckt=0, model=4, total=14
dctran density=58.2%, ac density=58.2%
